  main.cpp
C:\UASim3D\UASim3D\UASimLib\RedCppLib\ThreadPool.hpp(240,28): warning C4267: "return": konwersja z "size_t" do "int", możliwa utrata danych
  (kompilowanie pliku źródłowego „main.cpp”)
  
C:\UASim3D\UASim3D\UASimLib\RedCppLib\ThreadPool.hpp(256,23): warning C4267: "=": konwersja z "size_t" do "int", możliwa utrata danych
  (kompilowanie pliku źródłowego „main.cpp”)
  
C:\UASim3D\UASim3D\UASimLib\CollisionObjects\CollisionObject.hpp(34,32): warning C4267: "=": konwersja z "size_t" do "int", możliwa utrata danych
  (kompilowanie pliku źródłowego „main.cpp”)
  
C:\UASim3D\UASim3D\UASimLib\physics.hpp(17,21): warning C4244: "inicjowanie": konwersja z "double" do "float", możliwa utrata danych
  (kompilowanie pliku źródłowego „main.cpp”)
  
C:\UASim3D\UASim3D\UASimLib\physics.hpp(17,21): warning C4244: "inicjowanie": konwersja z "double" do "const float", możliwa utrata danych
  (kompilowanie pliku źródłowego „main.cpp”)
  
C:\UASim3D\UASim3D\UASimLib\physics.hpp(170,28): warning C4244: "inicjowanie": konwersja z "double" do "float", możliwa utrata danych
  (kompilowanie pliku źródłowego „main.cpp”)
  
C:\UASim3D\UASim3D\UASimLib\physics.hpp(170,28): warning C4244: "inicjowanie": konwersja z "double" do "const float", możliwa utrata danych
  (kompilowanie pliku źródłowego „main.cpp”)
  
C:\UASim3D\UASim3D\UASimLib\physics.hpp(302,19): warning C4305: "inicjowanie": obcięcie z "double" do "float"
  (kompilowanie pliku źródłowego „main.cpp”)
  
C:\UASim3D\UASim3D\main.cpp(384,17): warning C4244: "=": konwersja z "double" do "float", możliwa utrata danych
C:\UASim3D\UASim3D\main.cpp(385,17): warning C4244: "=": konwersja z "double" do "float", możliwa utrata danych
C:\UASim3D\UASim3D\main.cpp(389,19): warning C4244: "inicjowanie": konwersja z "double" do "float", możliwa utrata danych
C:\UASim3D\UASim3D\main.cpp(390,19): warning C4244: "inicjowanie": konwersja z "double" do "float", możliwa utrata danych
C:\UASim3D\UASim3D\main.cpp(391,13): warning C4244: "=": konwersja z "double" do "float", możliwa utrata danych
C:\UASim3D\UASim3D\main.cpp(392,13): warning C4244: "=": konwersja z "double" do "float", możliwa utrata danych
C:\UASim3D\UASim3D\main.cpp(610,28): warning C4244: "inicjowanie": konwersja z "double" do "float", możliwa utrata danych
C:\UASim3D\UASim3D\main.cpp(683,68): warning C4244: "+=": konwersja z "double" do "int", możliwa utrata danych
LINK : warning LNK4098: domyślna biblioteka „MSVCRT” powoduje konflikt z innymi bibliotekami; użyj opcji /NODEFAULTLIB:biblioteka
main.obj : error LNK2019: nierozpoznany symbol zewnętrzny glewInit przywołany w funkcji main
main.obj : error LNK2001: nierozpoznany symbol zewnętrzny __glewBindBuffer
main.obj : error LNK2001: nierozpoznany symbol zewnętrzny __glewBufferData
main.obj : error LNK2001: nierozpoznany symbol zewnętrzny __glewBufferSubData
main.obj : error LNK2001: nierozpoznany symbol zewnętrzny __glewGenBuffers
C:\UASim3D\UASim3D\x64\Debug\UASim3D.exe : fatal error LNK1120: liczba nierozpoznanych elementów zewnętrznych: 5
